MPASM 5.87                          CODE.ASM   2-25-2026  23:25:07         PAGE  1


LOC  OBJECT CODE     LINE SOURCE TEXT
  VALUE

                      00001 #include "p16f886.inc"
                      00001         LIST
                      00002 
                      00003 ;==========================================================================
                      00004 ; Build date : Jan 06 2020
                      00005 ;  MPASM PIC16F886 processor include
                      00006 ; 
                      00007 ;  (c) Copyright 1999-2020 Microchip Technology, All rights reserved
                      00008 ;==========================================================================
                      00009 
                      00779         LIST
                      00002 
2007   20D4           00003   __CONFIG _CONFIG1, _FOSC_INTRC_NOCLKOUT & _WDTE_OFF & _PWRTE_OFF & _MCLRE_OFF & _CP_OFF & _CPD_OFF & _
                            BOREN_OFF & _IESO_OFF & _FCMEN_OFF & _LVP_OFF
                      00004     
2008   3EFF           00005   __CONFIG _CONFIG2, _BOR4V_BOR21V & _WRT_OFF
                      00006   
                      00007 MyVars  UDATA 0x20
                      00008 
0020                  00009 PressDelay0 res 1
0021                  00010 PressDelay1 res 1
                      00011  
0022                  00012 LED res 1 ; variable for tracking button states
                      00013 ; bit 0 = DS1 mode (0 On, 1 Blink)
                      00014 ; bit 1 = DS4 mode (0 off, 1 Blink)
                      00015 ; bit 2 = DS1 event
                      00016 ; bit 3 = DS4 event
                      00017  
                      00018 PwrOnRst    CODE    0x0
0000   2???           00019     goto Main
                      00020  
                      00021 IntVect     CODE    0x4
                      00022     
                      00023 UsrCode     CODE
                      00024 
                      00025 ; to account for human slowness
0000                  00026 Delay_Loop:
0000   0000           00027     nop
0001   0B??           00028     decfsz PressDelay0, F
0002   2???           00029     goto Delay_Loop
                      00030     
0003   30FA           00031     movlw 0xFA
0004   00??           00032     movwf PressDelay0
0005   0B??           00033     decfsz PressDelay1, F
0006   2???           00034     goto Delay_Loop
                      00035     
0007   30FA           00036     movlw 0xFA
0008   00??           00037     movwf PressDelay1
0009   0000           00038     nop
000A   0008           00039     return
                      00040 
                      00041 ; state processing for LEDs
000B                  00042 control:
MPASM 5.87                          CODE.ASM   2-25-2026  23:25:07         PAGE  2


LOC  OBJECT CODE     LINE SOURCE TEXT
  VALUE

000B                  00043 CheckDS1:
000B   1800           00044     btfsc LED, 0    ; if DS1 mode = 1 (blink)
000C   2???           00045     goto BlinkDS1
                      00046 ; DS1 on
000D                  00047 OnDS1:
000D   1406           00048     bsf PORTB, 0
000E   2???           00049     goto CheckDS4
                      00050 ; DS1 blink
000F                  00051 BlinkDS1:
000F   3001           00052     movlw b'00000001'
0010   0686           00053     xorwf PORTB, F
0011                  00054 CheckDS4:
0011   1900           00055     btfsc LED, 2 ; if DS4 mode = 1 (blink)
0012   2???           00056     goto BlinkDS4
                      00057     
                      00058 ; DS4 off
0013                  00059 OffDS4:
0013   1186           00060     bcf PORTB, 3
0014   0008           00061     return
                      00062 ; DS4 blink
0015                  00063 BlinkDS4:
0015   3008           00064     movlw b'00001000'
0016   0686           00065     xorwf PORTB, F
0017   0008           00066     return
                      00067 
                      00068 ; if input then set var a.k.a event detection
0018                  00069 detectInput:
0018                  00070 SW1_press:
0018   1989           00071     btfsc PORTE, 3 ; test if SW1 was pressed
0019   2???           00072     goto SW1_release ; sw1 not pressed
                      00073     ; if pressed
001A   1880           00074     btfsc LED, 1 ; has event alr happened?
001B   2???           00075     goto SW2_press
                      00076     
001C   3001           00077     movlw b'00000001'
001D   06??           00078     xorwf LED, F ; toggle DS1 mode
001E   1500           00079     bsf LED, 2 ; set latch
001F   2???           00080     goto SW2_press
                      00081     
0020                  00082 SW1_release:
0020   1100           00083     bcf LED, 2
                      00084 
0021                  00085 SW2_press:
0021   1A86           00086     btfsc PORTB, 5 ; test if sw2 was pressed
0022   2???           00087     goto SW2_release ; sw2 not pressed
                      00088     ; if pressed
0023   1980           00089     btfsc LED, 3
0024   0008           00090     return
                      00091     
0025   3002           00092     movlw b'00000010'
0026   06??           00093     xorwf LED, F
0027   1580           00094     bsf LED, 3
0028   0008           00095     return
MPASM 5.87                          CODE.ASM   2-25-2026  23:25:07         PAGE  3


LOC  OBJECT CODE     LINE SOURCE TEXT
  VALUE

                      00096     
0029                  00097 SW2_release:
0029   1180           00098     bcf LED, 3
002A   0008           00099     return
                      00100     
                      00101 ; PORT SETUP & INIT
002B                  00102 Main:
                      00103     ; User code would go here
                      00104     ; DS4 = RB3, start off
                      00105     ; DS1 = RB0, start on
                      00106     ; SW1 = RE3, press blinks DS1
                      00107     ; SW2 = RB5, press blinks DS4
                      00108     
                      00109     ; init PORTE for sw2
002B   1683 1703      00110     banksel ANSEL
Message[302]: Register in operand not in bank 0.  Ensure that bank bits are correct.
002D   0188           00111     clrf ANSEL ; set digital
002E   1683 1303      00112     banksel TRISE
0030   3008           00113     movlw b'00001000'
Message[302]: Register in operand not in bank 0.  Ensure that bank bits are correct.
0031   0089           00114     movwf TRISE ; set RE3 as input
0032   1283 1303      00115     banksel PORTE
0034   1589           00116     bsf PORTE, 3; set sw1 high to start (aka the switch not pressed)
                      00117     
                      00118     ; init PORTB for DS!, DS4, SW2
0035   1683 1703      00119     banksel ANSELH
Message[302]: Register in operand not in bank 0.  Ensure that bank bits are correct.
0037   0189           00120     clrf ANSELH ; set digital
0038   1683 1303      00121     banksel TRISB
003A   3020           00122     movlw b'00100000'
Message[302]: Register in operand not in bank 0.  Ensure that bank bits are correct.
003B   0086           00123     movwf TRISB ; set sw2 as input
003C   1283 1303      00124     banksel PORTB
003E   3011           00125     movlw b'00010001'
003F   0086           00126     movwf PORTB ; turn on DS1, and set sw2 (aka switch not pressed)
                      00127 
                      00128 
                      00129 ; LOOP FOREVER
0040                  00130 Loop:
0040   2???           00131     call detectInput
0041   2???           00132     call control
0042   2???           00133     call Delay_Loop
0043   2???           00134     goto Loop
Warning[205]: Found directive in column 1. (end)
20D4 3EFF             00135 end
MPASM 5.87                          CODE.ASM   2-25-2026  23:25:07         PAGE  4


SYMBOL TABLE
  LABEL                             VALUE 

ABDEN                             00000000
ABDOVF                            00000007
ACKDT                             00000005
ACKEN                             00000004
ACKSTAT                           00000006
ADCON0                            0000001F
ADCON1                            0000009F
ADCS0                             00000006
ADCS1                             00000007
ADDEN                             00000003
ADFM                              00000007
ADIE                              00000006
ADIF                              00000006
ADON                              00000000
ADRESH                            0000001E
ADRESL                            0000009E
ANS0                              00000000
ANS1                              00000001
ANS10                             00000002
ANS11                             00000003
ANS12                             00000004
ANS13                             00000005
ANS2                              00000002
ANS3                              00000003
ANS4                              00000004
ANS8                              00000000
ANS9                              00000001
ANSEL                             00000188
ANSELH                            00000189
BAUDCTL                           00000187
BCLIE                             00000003
BCLIF                             00000003
BF                                00000000
BRG0                              00000000
BRG1                              00000001
BRG10                             00000002
BRG11                             00000003
BRG12                             00000004
BRG13                             00000005
BRG14                             00000006
BRG15                             00000007
BRG16                             00000003
BRG2                              00000002
BRG3                              00000003
BRG4                              00000004
BRG5                              00000005
BRG6                              00000006
BRG7                              00000007
BRG8                              00000000
BRG9                              00000001
BRGH                              00000002
BlinkDS1                          0000000F
BlinkDS4                          00000015
MPASM 5.87                          CODE.ASM   2-25-2026  23:25:07         PAGE  5


SYMBOL TABLE
  LABEL                             VALUE 

C                                 00000000
C1CH0                             00000000
C1CH1                             00000001
C1IE                              00000005
C1IF                              00000005
C1OE                              00000005
C1ON                              00000007
C1OUT                             00000006
C1POL                             00000004
C1R                               00000002
C1RSEL                            00000005
C1SEN                             00000005
C2CH0                             00000000
C2CH1                             00000001
C2IE                              00000006
C2IF                              00000006
C2OE                              00000005
C2ON                              00000007
C2OUT                             00000006
C2POL                             00000004
C2R                               00000002
C2REN                             00000004
C2RSEL                            00000004
C2SYNC                            00000000
CCP1CON                           00000017
CCP1IE                            00000002
CCP1IF                            00000002
CCP1M0                            00000000
CCP1M1                            00000001
CCP1M2                            00000002
CCP1M3                            00000003
CCP1X                             00000005
CCP1Y                             00000004
CCP2CON                           0000001D
CCP2IE                            00000000
CCP2IF                            00000000
CCP2M0                            00000000
CCP2M1                            00000001
CCP2M2                            00000002
CCP2M3                            00000003
CCP2X                             00000005
CCP2Y                             00000004
CCPR1                             00000015
CCPR1H                            00000016
CCPR1L                            00000015
CCPR2                             0000001B
CCPR2H                            0000001C
CCPR2L                            0000001B
CHS0                              00000002
CHS1                              00000003
CHS2                              00000004
CHS3                              00000005
CKE                               00000006
MPASM 5.87                          CODE.ASM   2-25-2026  23:25:07         PAGE  6


SYMBOL TABLE
  LABEL                             VALUE 

CKP                               00000004
CM1CON0                           00000107
CM2CON0                           00000108
CM2CON1                           00000109
CREN                              00000004
CSRC                              00000007
CheckDS1                          0000000B
CheckDS4                          00000011
D                                 00000005
DATA_ADDRESS                      00000005
DC                                00000001
DC1B0                             00000004
DC1B1                             00000005
DC2B0                             00000004
DC2B1                             00000005
D_A                               00000005
D_NOT_A                           00000005
Delay_Loop                        00000000
ECCPAS                            0000009C
ECCPAS0                           00000004
ECCPAS1                           00000005
ECCPAS2                           00000006
ECCPASE                           00000007
EEADR                             0000010D
EEADRH                            0000010F
EECON1                            0000018C
EECON2                            0000018D
EEDAT                             0000010C
EEDATA                            0000010C
EEDATH                            0000010E
EEIE                              00000004
EEIF                              00000004
EEPGD                             00000007
F                                 00000001
FERR                              00000002
FSR                               00000004
FVREN                             00000000
GCEN                              00000007
GIE                               00000007
GO                                00000001
GO_DONE                           00000001
GO_NOT_DONE                       00000001
HTS                               00000002
I2C_DATA                          00000005
I2C_READ                          00000002
I2C_START                         00000003
I2C_STOP                          00000004
INDF                              00000000
INTCON                            0000000B
INTE                              00000004
INTEDG                            00000006
INTF                              00000001
IOCB                              00000096
MPASM 5.87                          CODE.ASM   2-25-2026  23:25:07         PAGE  7


SYMBOL TABLE
  LABEL                             VALUE 

IOCB0                             00000000
IOCB1                             00000001
IOCB2                             00000002
IOCB3                             00000003
IOCB4                             00000004
IOCB5                             00000005
IOCB6                             00000006
IOCB7                             00000007
IRCF0                             00000004
IRCF1                             00000005
IRCF2                             00000006
IRP                               00000007
LED                               00000022
LTS                               00000001
Loop                              00000040
MC1OUT                            00000007
MC2OUT                            00000006
MSK                               00000093
MSK0                              00000000
MSK1                              00000001
MSK2                              00000002
MSK3                              00000003
MSK4                              00000004
MSK5                              00000005
MSK6                              00000006
MSK7                              00000007
Main                              0000002B
NOT_A                             00000005
NOT_ADDRESS                       00000005
NOT_BO                            00000000
NOT_BOR                           00000000
NOT_DONE                          00000001
NOT_PD                            00000003
NOT_POR                           00000001
NOT_RBPU                          00000007
NOT_RC8                           00000006
NOT_T1SYNC                        00000002
NOT_TO                            00000004
NOT_TX8                           00000006
NOT_W                             00000002
NOT_WRITE                         00000002
OERR                              00000001
OPTION_REG                        00000081
OSCCON                            0000008F
OSCTUNE                           00000090
OSFIE                             00000007
OSFIF                             00000007
OSTS                              00000003
OffDS4                            00000013
OnDS1                             0000000D
P                                 00000004
P1M0                              00000006
P1M1                              00000007
MPASM 5.87                          CODE.ASM   2-25-2026  23:25:07         PAGE  8


SYMBOL TABLE
  LABEL                             VALUE 

PCL                               00000002
PCLATH                            0000000A
PCON                              0000008E
PDC0                              00000000
PDC1                              00000001
PDC2                              00000002
PDC3                              00000003
PDC4                              00000004
PDC5                              00000005
PDC6                              00000006
PEIE                              00000006
PEN                               00000002
PIE1                              0000008C
PIE2                              0000008D
PIR1                              0000000C
PIR2                              0000000D
PORTA                             00000005
PORTB                             00000006
PORTC                             00000007
PORTE                             00000009
PR2                               00000092
PRSEN                             00000007
PS0                               00000000
PS1                               00000001
PS2                               00000002
PSA                               00000003
PSSAC0                            00000002
PSSAC1                            00000003
PSSBD0                            00000000
PSSBD1                            00000001
PSTRCON                           0000009D
PULSR                             00000002
PULSS                             00000003
PWM1CON                           0000009B
PressDelay0                       00000020
PressDelay1                       00000021
R                                 00000002
RA0                               00000000
RA1                               00000001
RA2                               00000002
RA3                               00000003
RA4                               00000004
RA5                               00000005
RA6                               00000006
RA7                               00000007
RB0                               00000000
RB1                               00000001
RB2                               00000002
RB3                               00000003
RB4                               00000004
RB5                               00000005
RB6                               00000006
RB7                               00000007
MPASM 5.87                          CODE.ASM   2-25-2026  23:25:07         PAGE  9


SYMBOL TABLE
  LABEL                             VALUE 

RBIE                              00000003
RBIF                              00000000
RC0                               00000000
RC1                               00000001
RC2                               00000002
RC3                               00000003
RC4                               00000004
RC5                               00000005
RC6                               00000006
RC7                               00000007
RC8_9                             00000006
RC9                               00000006
RCD8                              00000000
RCEN                              00000003
RCIDL                             00000006
RCIE                              00000005
RCIF                              00000005
RCREG                             0000001A
RCSTA                             00000018
RD                                00000000
RE3                               00000003
READ_WRITE                        00000002
RP0                               00000005
RP1                               00000006
RSEN                              00000001
RX9                               00000006
RX9D                              00000000
R_NOT_W                           00000002
R_W                               00000002
S                                 00000003
SBOREN                            00000004
SCKP                              00000004
SCS                               00000000
SEN                               00000000
SENDB                             00000003
SMP                               00000007
SPBRG                             00000099
SPBRGH                            0000009A
SPEN                              00000007
SR0                               00000006
SR1                               00000007
SRCON                             00000185
SREN                              00000005
SSPADD                            00000093
SSPBUF                            00000013
SSPCON                            00000014
SSPCON2                           00000091
SSPEN                             00000005
SSPIE                             00000003
SSPIF                             00000003
SSPM0                             00000000
SSPM1                             00000001
SSPM2                             00000002
MPASM 5.87                          CODE.ASM   2-25-2026  23:25:07         PAGE 10


SYMBOL TABLE
  LABEL                             VALUE 

SSPM3                             00000003
SSPMSK                            00000093
SSPOV                             00000006
SSPSTAT                           00000094
STATUS                            00000003
STRA                              00000000
STRB                              00000001
STRC                              00000002
STRD                              00000003
STRSYNC                           00000004
SW1_press                         00000018
SW1_release                       00000020
SW2_press                         00000021
SW2_release                       00000029
SWDTEN                            00000000
SYNC                              00000004
T0CS                              00000005
T0IE                              00000005
T0IF                              00000002
T0SE                              00000004
T1CKPS0                           00000004
T1CKPS1                           00000005
T1CON                             00000010
T1GINV                            00000007
T1GIV                             00000007
T1GSS                             00000001
T1INSYNC                          00000002
T1OSCEN                           00000003
T1SYNC                            00000002
T2CKPS0                           00000000
T2CKPS1                           00000001
T2CON                             00000012
TMR0                              00000001
TMR0IE                            00000005
TMR0IF                            00000002
TMR1                              0000000E
TMR1CS                            00000001
TMR1GE                            00000006
TMR1H                             0000000F
TMR1IE                            00000000
TMR1IF                            00000000
TMR1L                             0000000E
TMR1ON                            00000000
TMR2                              00000011
TMR2IE                            00000001
TMR2IF                            00000001
TMR2ON                            00000002
TOUTPS0                           00000003
TOUTPS1                           00000004
TOUTPS2                           00000005
TOUTPS3                           00000006
TRISA                             00000085
TRISA0                            00000000
MPASM 5.87                          CODE.ASM   2-25-2026  23:25:07         PAGE 11


SYMBOL TABLE
  LABEL                             VALUE 

TRISA1                            00000001
TRISA2                            00000002
TRISA3                            00000003
TRISA4                            00000004
TRISA5                            00000005
TRISA6                            00000006
TRISA7                            00000007
TRISB                             00000086
TRISB0                            00000000
TRISB1                            00000001
TRISB2                            00000002
TRISB3                            00000003
TRISB4                            00000004
TRISB5                            00000005
TRISB6                            00000006
TRISB7                            00000007
TRISC                             00000087
TRISC0                            00000000
TRISC1                            00000001
TRISC2                            00000002
TRISC3                            00000003
TRISC4                            00000004
TRISC5                            00000005
TRISC6                            00000006
TRISC7                            00000007
TRISE                             00000089
TRISE3                            00000003
TRMT                              00000001
TUN0                              00000000
TUN1                              00000001
TUN2                              00000002
TUN3                              00000003
TUN4                              00000004
TX8_9                             00000006
TX9                               00000006
TX9D                              00000000
TXD8                              00000000
TXEN                              00000005
TXIE                              00000004
TXIF                              00000004
TXREG                             00000019
TXSTA                             00000098
UA                                00000001
ULPWUE                            00000005
ULPWUIE                           00000002
ULPWUIF                           00000002
VCFG0                             00000004
VCFG1                             00000005
VR0                               00000000
VR1                               00000001
VR2                               00000002
VR3                               00000003
VRCON                             00000097
MPASM 5.87                          CODE.ASM   2-25-2026  23:25:07         PAGE 12


SYMBOL TABLE
  LABEL                             VALUE 

VREN                              00000007
VROE                              00000006
VRR                               00000005
VRSS                              00000004
W                                 00000000
WCOL                              00000007
WDTCON                            00000105
WDTPS0                            00000001
WDTPS1                            00000002
WDTPS2                            00000003
WDTPS3                            00000004
WPUB                              00000095
WPUB0                             00000000
WPUB1                             00000001
WPUB2                             00000002
WPUB3                             00000003
WPUB4                             00000004
WPUB5                             00000005
WPUB6                             00000006
WPUB7                             00000007
WR                                00000001
WREN                              00000002
WRERR                             00000003
WUE                               00000001
Z                                 00000002
_BOR21V                           00003EFF
_BOR40V                           00003FFF
_BOR4V_BOR21V                     00003EFF
_BOR4V_BOR40V                     00003FFF
_BOREN_NSLEEP                     00003EFF
_BOREN_OFF                        00003CFF
_BOREN_ON                         00003FFF
_BOREN_SBODEN                     00003DFF
_BOR_NSLEEP                       00003EFF
_BOR_OFF                          00003CFF
_BOR_ON                           00003FFF
_BOR_SBODEN                       00003DFF
_CONFIG1                          00002007
_CONFIG2                          00002008
_CPD_OFF                          00003FFF
_CPD_ON                           00003F7F
_CP_OFF                           00003FFF
_CP_ON                            00003FBF
_DEBUG_OFF                        00003FFF
_DEBUG_ON                         00001FFF
_DEVID1                           00002006
_EC_OSC                           00003FFB
_EXTRC                            00003FFF
_EXTRCIO                          00003FFE
_EXTRC_OSC_CLKOUT                 00003FFF
_EXTRC_OSC_NOCLKOUT               00003FFE
_FCMEN_OFF                        000037FF
_FCMEN_ON                         00003FFF
MPASM 5.87                          CODE.ASM   2-25-2026  23:25:07         PAGE 13


SYMBOL TABLE
  LABEL                             VALUE 

_FOSC_EC                          00003FFB
_FOSC_EXTRC_CLKOUT                00003FFF
_FOSC_EXTRC_NOCLKOUT              00003FFE
_FOSC_HS                          00003FFA
_FOSC_INTRC_CLKOUT                00003FFD
_FOSC_INTRC_NOCLKOUT              00003FFC
_FOSC_LP                          00003FF8
_FOSC_XT                          00003FF9
_HS_OSC                           00003FFA
_IDLOC0                           00002000
_IDLOC1                           00002001
_IDLOC2                           00002002
_IDLOC3                           00002003
_IESO_OFF                         00003BFF
_IESO_ON                          00003FFF
_INTOSC                           00003FFD
_INTOSCIO                         00003FFC
_INTRC_OSC_CLKOUT                 00003FFD
_INTRC_OSC_NOCLKOUT               00003FFC
_LP_OSC                           00003FF8
_LVP_OFF                          00002FFF
_LVP_ON                           00003FFF
_MCLRE_OFF                        00003FDF
_MCLRE_ON                         00003FFF
_PWRTE_OFF                        00003FFF
_PWRTE_ON                         00003FEF
_WDTE_OFF                         00003FF7
_WDTE_ON                          00003FFF
_WDT_OFF                          00003FF7
_WDT_ON                           00003FFF
_WRT_1FOURTH                      00003BFF
_WRT_256                          00003DFF
_WRT_HALF                         000039FF
_WRT_OFF                          00003FFF
_XT_OSC                           00003FF9
__16F886                          00000001
control                           0000000B
detectInput                       00000018

Errors   :     0
Warnings :     1 reported,     0 suppressed
Messages :     4 reported,     0 suppressed

